Archive member included to satisfy reference by file (symbol)

C:/ST/STM32CubeIDE_2.1.1/STM32CubeIDE/plugins/com.st.stm32cube.ide.mcu.externaltools.gnu-tools-for-stm32.14.3.rel1.win32_1.0.100.202602081740/tools/bin/../lib/gcc/arm-none-eabi/14.3.1/../../../../arm-none-eabi/lib/thumb/v7e-m+fp/hard\libc_nano.a(libc_a-exit.o)
                              C:/ST/STM32CubeIDE_2.1.1/STM32CubeIDE/plugins/com.st.stm32cube.ide.mcu.externaltools.gnu-tools-for-stm32.14.3.rel1.win32_1.0.100.202602081740/tools/bin/../lib/gcc/arm-none-eabi/14.3.1/../../../../arm-none-eabi/lib/thumb/v7e-m+fp/hard/crt0.o (exit)
C:/ST/STM32CubeIDE_2.1.1/STM32CubeIDE/plugins/com.st.stm32cube.ide.mcu.externaltools.gnu-tools-for-stm32.14.3.rel1.win32_1.0.100.202602081740/tools/bin/../lib/gcc/arm-none-eabi/14.3.1/../../../../arm-none-eabi/lib/thumb/v7e-m+fp/hard\libc_nano.a(libc_a-findfp.o)
                              C:/ST/STM32CubeIDE_2.1.1/STM32CubeIDE/plugins/com.st.stm32cube.ide.mcu.externaltools.gnu-tools-for-stm32.14.3.rel1.win32_1.0.100.202602081740/tools/bin/../lib/gcc/arm-none-eabi/14.3.1/../../../../arm-none-eabi/lib/thumb/v7e-m+fp/hard\libc_nano.a(libc_a-exit.o) (__stdio_exit_handler)
C:/ST/STM32CubeIDE_2.1.1/STM32CubeIDE/plugins/com.st.stm32cube.ide.mcu.externaltools.gnu-tools-for-stm32.14.3.rel1.win32_1.0.100.202602081740/tools/bin/../lib/gcc/arm-none-eabi/14.3.1/../../../../arm-none-eabi/lib/thumb/v7e-m+fp/hard\libc_nano.a(libc_a-fwalk.o)
                              C:/ST/STM32CubeIDE_2.1.1/STM32CubeIDE/plugins/com.st.stm32cube.ide.mcu.externaltools.gnu-tools-for-stm32.14.3.rel1.win32_1.0.100.202602081740/tools/bin/../lib/gcc/arm-none-eabi/14.3.1/../../../../arm-none-eabi/lib/thumb/v7e-m+fp/hard\libc_nano.a(libc_a-findfp.o) (_fwalk_sglue)
C:/ST/STM32CubeIDE_2.1.1/STM32CubeIDE/plugins/com.st.stm32cube.ide.mcu.externaltools.gnu-tools-for-stm32.14.3.rel1.win32_1.0.100.202602081740/tools/bin/../lib/gcc/arm-none-eabi/14.3.1/../../../../arm-none-eabi/lib/thumb/v7e-m+fp/hard\libc_nano.a(libc_a-stdio.o)
                              C:/ST/STM32CubeIDE_2.1.1/STM32CubeIDE/plugins/com.st.stm32cube.ide.mcu.externaltools.gnu-tools-for-stm32.14.3.rel1.win32_1.0.100.202602081740/tools/bin/../lib/gcc/arm-none-eabi/14.3.1/../../../../arm-none-eabi/lib/thumb/v7e-m+fp/hard\libc_nano.a(libc_a-findfp.o) (__sread)
C:/ST/STM32CubeIDE_2.1.1/STM32CubeIDE/plugins/com.st.stm32cube.ide.mcu.externaltools.gnu-tools-for-stm32.14.3.rel1.win32_1.0.100.202602081740/tools/bin/../lib/gcc/arm-none-eabi/14.3.1/../../../../arm-none-eabi/lib/thumb/v7e-m+fp/hard\libc_nano.a(libc_a-memset.o)
                              C:/ST/STM32CubeIDE_2.1.1/STM32CubeIDE/plugins/com.st.stm32cube.ide.mcu.externaltools.gnu-tools-for-stm32.14.3.rel1.win32_1.0.100.202602081740/tools/bin/../lib/gcc/arm-none-eabi/14.3.1/../../../../arm-none-eabi/lib/thumb/v7e-m+fp/hard/crt0.o (memset)
C:/ST/STM32CubeIDE_2.1.1/STM32CubeIDE/plugins/com.st.stm32cube.ide.mcu.externaltools.gnu-tools-for-stm32.14.3.rel1.win32_1.0.100.202602081740/tools/bin/../lib/gcc/arm-none-eabi/14.3.1/../../../../arm-none-eabi/lib/thumb/v7e-m+fp/hard\libc_nano.a(libc_a-closer.o)
                              C:/ST/STM32CubeIDE_2.1.1/STM32CubeIDE/plugins/com.st.stm32cube.ide.mcu.externaltools.gnu-tools-for-stm32.14.3.rel1.win32_1.0.100.202602081740/tools/bin/../lib/gcc/arm-none-eabi/14.3.1/../../../../arm-none-eabi/lib/thumb/v7e-m+fp/hard\libc_nano.a(libc_a-stdio.o) (_close_r)
C:/ST/STM32CubeIDE_2.1.1/STM32CubeIDE/plugins/com.st.stm32cube.ide.mcu.externaltools.gnu-tools-for-stm32.14.3.rel1.win32_1.0.100.202602081740/tools/bin/../lib/gcc/arm-none-eabi/14.3.1/../../../../arm-none-eabi/lib/thumb/v7e-m+fp/hard\libc_nano.a(libc_a-reent.o)
                              C:/ST/STM32CubeIDE_2.1.1/STM32CubeIDE/plugins/com.st.stm32cube.ide.mcu.externaltools.gnu-tools-for-stm32.14.3.rel1.win32_1.0.100.202602081740/tools/bin/../lib/gcc/arm-none-eabi/14.3.1/../../../../arm-none-eabi/lib/thumb/v7e-m+fp/hard\libc_nano.a(libc_a-closer.o) (errno)
C:/ST/STM32CubeIDE_2.1.1/STM32CubeIDE/plugins/com.st.stm32cube.ide.mcu.externaltools.gnu-tools-for-stm32.14.3.rel1.win32_1.0.100.202602081740/tools/bin/../lib/gcc/arm-none-eabi/14.3.1/../../../../arm-none-eabi/lib/thumb/v7e-m+fp/hard\libc_nano.a(libc_a-impure.o)
                              C:/ST/STM32CubeIDE_2.1.1/STM32CubeIDE/plugins/com.st.stm32cube.ide.mcu.externaltools.gnu-tools-for-stm32.14.3.rel1.win32_1.0.100.202602081740/tools/bin/../lib/gcc/arm-none-eabi/14.3.1/../../../../arm-none-eabi/lib/thumb/v7e-m+fp/hard\libc_nano.a(libc_a-reent.o) (_impure_ptr)
C:/ST/STM32CubeIDE_2.1.1/STM32CubeIDE/plugins/com.st.stm32cube.ide.mcu.externaltools.gnu-tools-for-stm32.14.3.rel1.win32_1.0.100.202602081740/tools/bin/../lib/gcc/arm-none-eabi/14.3.1/../../../../arm-none-eabi/lib/thumb/v7e-m+fp/hard\libc_nano.a(libc_a-lseekr.o)
[...]
Memory Configuration

Name             Origin             Length             Attributes
RAM              0x20000000         0x00018000         xrw
FLASH            0x08000000         0x00080000         xr
*default*        0x00000000         0xffffffff

Linker script and memory map

LOAD C:/ST/STM32CubeIDE_2.1.1/STM32CubeIDE/plugins/com.st.stm32cube.ide.mcu.externaltools.gnu-tools-for-stm32.14.3.rel1.win32_1.0.100.202602081740/tools/bin/../lib/gcc/arm-none-eabi/14.3.1/thumb/v7e-m+fp/hard/crti.o
LOAD C:/ST/STM32CubeIDE_2.1.1/STM32CubeIDE/plugins/com.st.stm32cube.ide.mcu.externaltools.gnu-tools-for-stm32.14.3.rel1.win32_1.0.100.202602081740/tools/bin/../lib/gcc/arm-none-eabi/14.3.1/thumb/v7e-m+fp/hard/crtbegin.o
LOAD C:/ST/STM32CubeIDE_2.1.1/STM32CubeIDE/plugins/com.st.stm32cube.ide.mcu.externaltools.gnu-tools-for-stm32.14.3.rel1.win32_1.0.100.202602081740/tools/bin/../lib/gcc/arm-none-eabi/14.3.1/../../../../arm-none-eabi/lib/thumb/v7e-m+fp/hard/crt0.o
LOAD ./SDK_1.0.3_NUCLEO-F401RE-20260413T020300Z-3-001/SDK_1.0.3_NUCLEO-F401RE/shared/Drivers/CMSIS/Source/system_stm32f4xx.o
LOAD ./SDK_1.0.3_NUCLEO-F401RE-20260413T020300Z-3-001/SDK_1.0.3_NUCLEO-F401RE/shared/Drivers/STM32F401RE_StdPeriph_Driver/src/stm32f401re_gpio.o
LOAD ./SDK_1.0.3_NUCLEO-F401RE-20260413T020300Z-3-001/SDK_1.0.3_NUCLEO-F401RE/shared/Drivers/STM32F401RE_StdPeriph_Driver/src/stm32f401re_rcc.o
LOAD ./SDK_1.0.3_NUCLEO-F401RE-20260413T020300Z-3-001/SDK_1.0.3_NUCLEO-F401RE/shared/Utilities/buff.o
LOAD ./SDK_1.0.3_NUCLEO-F401RE-20260413T020300Z-3-001/SDK_1.0.3_NUCLEO-F401RE/shared/Utilities/utilities.o
LOAD ./Src/main.o
LOAD ./Src/syscalls.o
LOAD ./Src/sysmem.o
LOAD ./Startup/startup_stm32f401retx.o
START GROUP
LOAD C:/ST/STM32CubeIDE_2.1.1/STM32CubeIDE/plugins/com.st.stm32cube.ide.mcu.externaltools.gnu-tools-for-stm32.14.3.rel1.win32_1.0.100.202602081740/tools/bin/../lib/gcc/arm-none-eabi/14.3.1/../../../../arm-none-eabi/lib/thumb/v7e-m+fp/hard\libc_nano.a
LOAD C:/ST/STM32CubeIDE_2.1.1/STM32CubeIDE/plugins/com.st.stm32cube.ide.mcu.externaltools.gnu-tools-for-stm32.14.3.rel1.win32_1.0.100.202602081740/tools/bin/../lib/gcc/arm-none-eabi/14.3.1/../../../../arm-none-eabi/lib/thumb/v7e-m+fp/hard\libm.a
END GROUP
START GROUP
LOAD C:/ST/STM32CubeIDE_2.1.1/STM32CubeIDE/plugins/com.st.stm32cube.ide.mcu.externaltools.gnu-tools-for-stm32.14.3.rel1.win32_1.0.100.202602081740/tools/bin/../lib/gcc/arm-none-eabi/14.3.1/thumb/v7e-m+fp/hard\libgcc.a
LOAD C:/ST/STM32CubeIDE_2.1.1/STM32CubeIDE/plugins/com.st.stm32cube.ide.mcu.externaltools.gnu-tools-for-stm32.14.3.rel1.win32_1.0.100.202602081740/tools/bin/../lib/gcc/arm-none-eabi/14.3.1/../../../../arm-none-eabi/lib/thumb/v7e-m+fp/hard\libc_nano.a
END GROUP
START GROUP
LOAD C:/ST/STM32CubeIDE_2.1.1/STM32CubeIDE/plugins/com.st.stm32cube.ide.mcu.externaltools.gnu-tools-for-stm32.14.3.rel1.win32_1.0.100.202602081740/tools/bin/../lib/gcc/arm-none-eabi/14.3.1/thumb/v7e-m+fp/hard\libgcc.a
LOAD C:/ST/STM32CubeIDE_2.1.1/STM32CubeIDE/plugins/com.st.stm32cube.ide.mcu.externaltools.gnu-tools-for-stm32.14.3.rel1.win32_1.0.100.202602081740/tools/bin/../lib/gcc/arm-none-eabi/14.3.1/../../../../arm-none-eabi/lib/thumb/v7e-m+fp/hard\libc_nano.a
LOAD C:/ST/STM32CubeIDE_2.1.1/STM32CubeIDE/plugins/com.st.stm32cube.ide.mcu.externaltools.gnu-tools-for-stm32.14.3.rel1.win32_1.0.100.202602081740/tools/bin/../lib/gcc/arm-none-eabi/14.3.1/../../../../arm-none-eabi/lib/thumb/v7e-m+fp/hard\libnosys.a
END GROUP
START GROUP
LOAD C:/ST/STM32CubeIDE_2.1.1/STM32CubeIDE/plugins/com.st.stm32cube.ide.mcu.externaltools.gnu-tools-for-stm32.14.3.rel1.win32_1.0.100.202602081740/tools/bin/../lib/gcc/arm-none-eabi/14.3.1/thumb/v7e-m+fp/hard\libgcc.a
LOAD C:/ST/STM32CubeIDE_2.1.1/STM32CubeIDE/plugins/com.st.stm32cube.ide.mcu.externaltools.gnu-tools-for-stm32.14.3.rel1.win32_1.0.100.202602081740/tools/bin/../lib/gcc/arm-none-eabi/14.3.1/../../../../arm-none-eabi/lib/thumb/v7e-m+fp/hard\libc_nano.a
LOAD C:/ST/STM32CubeIDE_2.1.1/STM32CubeIDE/plugins/com.st.stm32cube.ide.mcu.externaltools.gnu-tools-for-stm32.14.3.rel1.win32_1.0.100.202602081740/tools/bin/../lib/gcc/arm-none-eabi/14.3.1/../../../../arm-none-eabi/lib/thumb/v7e-m+fp/hard\libnosys.a
END GROUP
LOAD C:/ST/STM32CubeIDE_2.1.1/STM32CubeIDE/plugins/com.st.stm32cube.ide.mcu.externaltools.gnu-tools-for-stm32.14.3.rel1.win32_1.0.100.202602081740/tools/bin/../lib/gcc/arm-none-eabi/14.3.1/thumb/v7e-m+fp/hard/crtend.o
LOAD C:/ST/STM32CubeIDE_2.1.1/STM32CubeIDE/plugins/com.st.stm32cube.ide.mcu.externaltools.gnu-tools-for-stm32.14.3.rel1.win32_1.0.100.202602081740/tools/bin/../lib/gcc/arm-none-eabi/14.3.1/thumb/v7e-m+fp/hard/crtn.o
                0x20018000                        _estack = (ORIGIN (RAM) + LENGTH (RAM))
                0x00000200                        _Min_Heap_Size = 0x200
                0x00000400                        _Min_Stack_Size = 0x400

.isr_vector     0x08000000      0x194
                0x08000000                        . = ALIGN (0x4)
 *(.isr_vector)
 .isr_vector    0x08000000      0x194 ./Startup/startup_stm32f401retx.o
                0x08000000                g_pfnVectors
                0x08000194                        . = ALIGN (0x4)

.text           0x08000194      0x4d8
                0x08000194                        . = ALIGN (0x4)
 *(.text)
 .text          0x08000194       0x40 C:/ST/STM32CubeIDE_2.1.1/STM32CubeIDE/plugins/com.st.stm32cube.ide.mcu.externaltools.gnu-tools-for-stm32.14.3.rel1.win32_1.0.100.202602081740/tools/bin/../lib/gcc/arm-none-eabi/14.3.1/thumb/v7e-m+fp/hard/crtbegin.o
 *(.text*)
 .text.SystemInit
                0x080001d4       0x6c ./SDK_1.0.3_NUCLEO-F401RE-20260413T020300Z-3-001/SDK_1.0.3_NUCLEO-F401RE/shared/Drivers/CMSIS/Source/system_stm32f4xx.o
                0x080001d4                SystemInit
 .text.SetSysClock
                0x08000240       0xa4 ./SDK_1.0.3_NUCLEO-F401RE-20260413T020300Z-3-001/SDK_1.0.3_NUCLEO-F401RE/shared/Drivers/CMSIS/Source/system_stm32f4xx.o
 .text.GPIO_Init
                0x080002e4      0x11e ./SDK_1.0.3_NUCLEO-F401RE-20260413T020300Z-3-001/SDK_1.0.3_NUCLEO-F401RE/shared/Drivers/STM32F401RE_StdPeriph_Driver/src/stm32f401re_gpio.o
                0x080002e4                GPIO_Init
 .text.GPIO_ReadInputDataBit
                0x08000402       0x34 ./SDK_1.0.3_NUCLEO-F401RE-20260413T020300Z-3-001/SDK_1.0.3_NUCLEO-F401RE/shared/Drivers/STM32F401RE_StdPeriph_Driver/src/stm32f401re_gpio.o
                0x08000402                GPIO_ReadInputDataBit
 .text.GPIO_SetBits
                0x08000436       0x1e ./SDK_1.0.3_NUCLEO-F401RE-20260413T020300Z-3-001/SDK_1.0.3_NUCLEO-F401RE/shared/Drivers/STM32F401RE_StdPeriph_Driver/src/stm32f401re_gpio.o
                0x08000436                GPIO_SetBits
 .text.GPIO_ResetBits
                0x08000454       0x1e ./SDK_1.0.3_NUCLEO-F401RE-20260413T020300Z-3-001/SDK_1.0.3_NUCLEO-F401RE/shared/Drivers/STM32F401RE_StdPeriph_Driver/src/stm32f401re_gpio.o
                0x08000454                GPIO_ResetBits
 *fill*         0x08000472        0x2 
 .text.RCC_AHB1PeriphClockCmd
                0x08000474       0x40 ./SDK_1.0.3_NUCLEO-F401RE-20260413T020300Z-3-001/SDK_1.0.3_NUCLEO-F401RE/shared/Drivers/STM32F401RE_StdPeriph_Driver/src/stm32f401re_rcc.o
                0x08000474                RCC_AHB1PeriphClockCmd
 .text.led_Init
                0x080004b4       0x38 ./Src/main.o
 .text.buzzer_Init
                0x080004ec       0x3c ./Src/main.o
 .text.buttonB2_Init
                0x08000528       0x30 ./Src/main.o
 .text.mainInit
                0x08000558       0x14 ./Src/main.o
 .text.main     0x0800056c       0x4c ./Src/main.o
                0x0800056c                main
 .text.Reset_Handler
                0x080005b8       0x50 ./Startup/startup_stm32f401retx.o
                0x080005b8                Reset_Handler
 .text.Default_Handler
                0x08000608        0x2 ./Startup/startup_stm32f401retx.o
                0x08000608                EXTI2_IRQHandler
                0x08000608                DebugMon_Handler
                0x08000608                SPI4_IRQHandler
                0x08000608                TIM1_CC_IRQHandler
                0x08000608                DMA2_Stream5_IRQHandler
                0x08000608                HardFault_Handler
                0x08000608                DMA1_Stream5_IRQHandler
                0x08000608                SysTick_Handler
                0x08000608                SDIO_IRQHandler
                0x08000608                TAMP_STAMP_IRQHandler
                0x08000608                PendSV_Handler
                0x08000608                NMI_Handler
                0x08000608                EXTI3_IRQHandler
                0x08000608                TIM1_UP_TIM10_IRQHandler
                0x08000608                I2C3_ER_IRQHandler
                0x08000608                EXTI18_OTG_FS_WKUP_IRQHandler
                0x08000608                EXTI0_IRQHandler
                0x08000608                I2C2_EV_IRQHandler
                0x08000608                DMA1_Stream2_IRQHandler
                0x08000608                UsageFault_Handler
                0x08000608                DMA2_Stream2_IRQHandler
                0x08000608                SPI1_IRQHandler
                0x08000608                TIM1_BRK_TIM9_IRQHandler
                0x08000608                DMA2_Stream3_IRQHandler
                0x08000608                USART6_IRQHandler
                0x08000608                DMA2_Stream0_IRQHandler
                0x08000608                TIM4_IRQHandler
                0x08000608                I2C1_EV_IRQHandler
                0x08000608                DMA1_Stream6_IRQHandler
                0x08000608                DMA1_Stream1_IRQHandler
                0x08000608                TIM3_IRQHandler
                0x08000608                RCC_IRQHandler
                0x08000608                Default_Handler
                0x08000608                EXTI15_10_IRQHandler
                0x08000608                ADC_IRQHandler
                0x08000608                DMA1_Stream7_IRQHandler
                0x08000608                TIM5_IRQHandler
                0x08000608                DMA2_Stream7_IRQHandler
                0x08000608                I2C3_EV_IRQHandler
                0x08000608                EXTI9_5_IRQHandler
                0x08000608                SPI2_IRQHandler
                0x08000608                MemManage_Handler
                0x08000608                DMA1_Stream0_IRQHandler
                0x08000608                SVC_Handler
                0x08000608                EXTI4_IRQHandler
                0x08000608                EXTI22_RTC_WKUP_IRQHandler
                0x08000608                TIM2_IRQHandler
                0x08000608                EXTI16_PVD_IRQHandler
                0x08000608                TIM1_TRG_COM_TIM11_IRQHandler
                0x08000608                EXTI1_IRQHandler
                0x08000608                EXTI17_RTC_Alarm_IRQHandler
                0x08000608                USART2_IRQHandler
                0x08000608                I2C2_ER_IRQHandler
                0x08000608                DMA2_Stream1_IRQHandler
                0x08000608                FLASH_IRQHandler
                0x08000608                DMA2_Stream4_IRQHandler
                0x08000608                BusFault_Handler
                0x08000608                USART1_IRQHandler
                0x08000608                OTG_FS_IRQHandler
                0x08000608                SPI3_IRQHandler
                0x08000608                DMA1_Stream4_IRQHandler
                0x08000608                I2C1_ER_IRQHandler
                0x08000608                DMA2_Stream6_IRQHandler
                0x08000608                DMA1_Stream3_IRQHandler
 *fill*         0x0800060a        0x2 
 .text.__libc_init_array
                0x0800060c       0x48 C:/ST/STM32CubeIDE_2.1.1/STM32CubeIDE/plugins/com.st.stm32cube.ide.mcu.externaltools.gnu-tools-for-stm32.14.3.rel1.win32_1.0.100.202602081740/tools/bin/../lib/gcc/arm-none-eabi/14.3.1/../../../../arm-none-eabi/lib/thumb/v7e-m+fp/hard\libc_nano.a(libc_a-init.o)
                0x0800060c                __libc_init_array
 *(.glue_7)
 .glue_7        0x08000654        0x0 linker stubs
 *(.glue_7t)
 .glue_7t       0x08000654        0x0 linker stubs
 *(.eh_frame)
 .eh_frame      0x08000654        0x0 C:/ST/STM32CubeIDE_2.1.1/STM32CubeIDE/plugins/com.st.stm32cube.ide.mcu.externaltools.gnu-tools-for-stm32.14.3.rel1.win32_1.0.100.202602081740/tools/bin/../lib/gcc/arm-none-eabi/14.3.1/thumb/v7e-m+fp/hard/crtbegin.o
 *(.init)
 .init          0x08000654        0x4 C:/ST/STM32CubeIDE_2.1.1/STM32CubeIDE/plugins/com.st.stm32cube.ide.mcu.externaltools.gnu-tools-for-stm32.14.3.rel1.win32_1.0.100.202602081740/tools/bin/../lib/gcc/arm-none-eabi/14.3.1/thumb/v7e-m+fp/hard/crti.o
                0x08000654                _init
 .init          0x08000658        0x8 C:/ST/STM32CubeIDE_2.1.1/STM32CubeIDE/plugins/com.st.stm32cube.ide.mcu.externaltools.gnu-tools-for-stm32.14.3.rel1.win32_1.0.100.202602081740/tools/bin/../lib/gcc/arm-none-eabi/14.3.1/thumb/v7e-m+fp/hard/crtn.o
 *(.fini)
 .fini          0x08000660        0x4 C:/ST/STM32CubeIDE_2.1.1/STM32CubeIDE/plugins/com.st.stm32cube.ide.mcu.externaltools.gnu-tools-for-stm32.14.3.rel1.win32_1.0.100.202602081740/tools/bin/../lib/gcc/arm-none-eabi/14.3.1/thumb/v7e-m+fp/hard/crti.o
                0x08000660                _fini
 .fini          0x08000664        0x8 C:/ST/STM32CubeIDE_2.1.1/STM32CubeIDE/plugins/com.st.stm32cube.ide.mcu.externaltools.gnu-tools-for-stm32.14.3.rel1.win32_1.0.100.202602081740/tools/bin/../lib/gcc/arm-none-eabi/14.3.1/thumb/v7e-m+fp/hard/crtn.o
                0x0800066c                        . = ALIGN (0x4)
                0x0800066c                        _etext = .

.vfp11_veneer   0x0800066c        0x0
 .vfp11_veneer  0x0800066c        0x0 linker stubs

.v4_bx          0x0800066c        0x0
 .v4_bx         0x0800066c        0x0 linker stubs

.iplt           0x0800066c        0x0
 .iplt          0x0800066c        0x0 C:/ST/STM32CubeIDE_2.1.1/STM32CubeIDE/plugins/com.st.stm32cube.ide.mcu.externaltools.gnu-tools-for-stm32.14.3.rel1.win32_1.0.100.202602081740/tools/bin/../lib/gcc/arm-none-eabi/14.3.1/thumb/v7e-m+fp/hard/crtbegin.o

.rodata         0x0800066c        0x0
                0x0800066c                        . = ALIGN (0x4)
 *(.rodata)
 *(.rodata*)
                0x0800066c                        . = ALIGN (0x4)

.ARM.extab      0x0800066c        0x0
                0x0800066c                        . = ALIGN (0x4)
 *(.ARM.extab* .gnu.linkonce.armextab.*)
                0x0800066c                        . = ALIGN (0x4)

.ARM            0x0800066c        0x0
                0x0800066c                        . = ALIGN (0x4)
                0x0800066c                        __exidx_start = .
 *(.ARM.exidx*)
                0x0800066c                        __exidx_end = .
                0x0800066c                        . = ALIGN (0x4)

.preinit_array  0x0800066c        0x0
                0x0800066c                        . = ALIGN (0x4)
                0x0800066c                        PROVIDE (__preinit_array_start = .)
 *(.preinit_array*)
                0x0800066c                        PROVIDE (__preinit_array_end = .)
                0x0800066c                        . = ALIGN (0x4)

.init_array     0x0800066c        0x4
                0x0800066c                        . = ALIGN (0x4)
                0x0800066c                        PROVIDE (__init_array_start = .)
 *(SORT_BY_NAME(.init_array.*))
 *(.init_array*)
 .init_array    0x0800066c        0x4 C:/ST/STM32CubeIDE_2.1.1/STM32CubeIDE/plugins/com.st.stm32cube.ide.mcu.externaltools.gnu-tools-for-stm32.14.3.rel1.win32_1.0.100.202602081740/tools/bin/../lib/gcc/arm-none-eabi/14.3.1/thumb/v7e-m+fp/hard/crtbegin.o
                0x08000670                        PROVIDE (__init_array_end = .)
                0x08000670                        . = ALIGN (0x4)

.fini_array     0x08000670        0x4
                0x08000670                        . = ALIGN (0x4)
                [!provide]                        PROVIDE (__fini_array_start = .)
 *(SORT_BY_NAME(.fini_array.*))
 *(.fini_array*)
 .fini_array    0x08000670        0x4 C:/ST/STM32CubeIDE_2.1.1/STM32CubeIDE/plugins/com.st.stm32cube.ide.mcu.externaltools.gnu-tools-for-stm32.14.3.rel1.win32_1.0.100.202602081740/tools/bin/../lib/gcc/arm-none-eabi/14.3.1/thumb/v7e-m+fp/hard/crtbegin.o
                [!provide]                        PROVIDE (__fini_array_end = .)
                0x08000674                        . = ALIGN (0x4)
                0x08000674                        _sidata = LOADADDR (.data)

.rel.dyn        0x08000674        0x0
 .rel.iplt      0x08000674        0x0 C:/ST/STM32CubeIDE_2.1.1/STM32CubeIDE/plugins/com.st.stm32cube.ide.mcu.externaltools.gnu-tools-for-stm32.14.3.rel1.win32_1.0.100.202602081740/tools/bin/../lib/gcc/arm-none-eabi/14.3.1/thumb/v7e-m+fp/hard/crtbegin.o

.data           0x20000000        0x0 load address 0x08000674
                0x20000000                        . = ALIGN (0x4)
                0x20000000                        _sdata = .
 *(.data)
 *(.data*)
 *(.RamFunc)
 *(.RamFunc*)
                0x20000000                        . = ALIGN (0x4)
                0x20000000                        _edata = .

.igot.plt       0x20000000        0x0 load address 0x08000674
 .igot.plt      0x20000000        0x0 C:/ST/STM32CubeIDE_2.1.1/STM32CubeIDE/plugins/com.st.stm32cube.ide.mcu.externaltools.gnu-tools-for-stm32.14.3.rel1.win32_1.0.100.202602081740/tools/bin/../lib/gcc/arm-none-eabi/14.3.1/thumb/v7e-m+fp/hard/crtbegin.o
                0x20000000                        . = ALIGN (0x4)

.bss            0x20000000       0x1c load address 0x08000674
                0x20000000                        _sbss = .
                0x20000000                        __bss_start__ = _sbss
 *(.bss)
 .bss           0x20000000       0x1c C:/ST/STM32CubeIDE_2.1.1/STM32CubeIDE/plugins/com.st.stm32cube.ide.mcu.externaltools.gnu-tools-for-stm32.14.3.rel1.win32_1.0.100.202602081740/tools/bin/../lib/gcc/arm-none-eabi/14.3.1/thumb/v7e-m+fp/hard/crtbegin.o
 *(.bss*)
 *(COMMON)
                0x2000001c                        . = ALIGN (0x4)
                0x2000001c                        _ebss = .
                0x2000001c                        __bss_end__ = _ebss

._user_heap_stack
                0x2000001c      0x604 load address 0x08000674
                0x20000020                        . = ALIGN (0x8)
 *fill*         0x2000001c        0x4 
                [!provide]                        PROVIDE (end = .)
                0x20000020                        PROVIDE (_end = .)
                0x20000220                        . = (. + _Min_Heap_Size)
 *fill*         0x20000020      0x200 
                0x20000620                        . = (. + _Min_Stack_Size)
 *fill*         0x20000220      0x400 
                0x20000620                        . = ALIGN (0x8)

/DISCARD/
 libc.a(*)
 libm.a(*)
 libgcc.a(*)

.ARM.attributes
                0x00000000       0x30
 *(.ARM.attributes)
 .ARM.attributes
                0x00000000       0x22 C:/ST/STM32CubeIDE_2.1.1/STM32CubeIDE/plugins/com.st.stm32cube.ide.mcu.externaltools.gnu-tools-for-stm32.14.3.rel1.win32_1.0.100.202602081740/tools/bin/../lib/gcc/arm-none-eabi/14.3.1/thumb/v7e-m+fp/hard/crti.o
 .ARM.attributes
                0x00000022       0x34 C:/ST/STM32CubeIDE_2.1.1/STM32CubeIDE/plugins/com.st.stm32cube.ide.mcu.externaltools.gnu-tools-for-stm32.14.3.rel1.win32_1.0.100.202602081740/tools/bin/../lib/gcc/arm-none-eabi/14.3.1/thumb/v7e-m+fp/hard/crtbegin.o
 .ARM.attributes
                0x00000056       0x34 ./SDK_1.0.3_NUCLEO-F401RE-20260413T020300Z-3-001/SDK_1.0.3_NUCLEO-F401RE/shared/Drivers/CMSIS/Source/system_stm32f4xx.o
 .ARM.attributes
                0x0000008a       0x34 ./SDK_1.0.3_NUCLEO-F401RE-20260413T020300Z-3-001/SDK_1.0.3_NUCLEO-F401RE/shared/Drivers/STM32F401RE_StdPeriph_Driver/src/stm32f401re_gpio.o
 .ARM.attributes
                0x000000be       0x34 ./SDK_1.0.3_NUCLEO-F401RE-20260413T020300Z-3-001/SDK_1.0.3_NUCLEO-F401RE/shared/Drivers/STM32F401RE_StdPeriph_Driver/src/stm32f401re_rcc.o
 .ARM.attributes
                0x000000f2       0x34 ./Src/main.o
 .ARM.attributes
                0x00000126       0x21 ./Startup/startup_stm32f401retx.o
 .ARM.attributes
                0x00000147       0x34 C:/ST/STM32CubeIDE_2.1.1/STM32CubeIDE/plugins/com.st.stm32cube.ide.mcu.externaltools.gnu-tools-for-stm32.14.3.rel1.win32_1.0.100.202602081740/tools/bin/../lib/gcc/arm-none-eabi/14.3.1/../../../../arm-none-eabi/lib/thumb/v7e-m+fp/hard\libc_nano.a(libc_a-init.o)
 .ARM.attributes
                0x0000017b       0x22 C:/ST/STM32CubeIDE_2.1.1/STM32CubeIDE/plugins/com.st.stm32cube.ide.mcu.externaltools.gnu-tools-for-stm32.14.3.rel1.win32_1.0.100.202602081740/tools/bin/../lib/gcc/arm-none-eabi/14.3.1/thumb/v7e-m+fp/hard/crtn.o
OUTPUT(buoi4.elf elf32-littlearm)
LOAD linker stubs
LOAD C:/ST/STM32CubeIDE_2.1.1/STM32CubeIDE/plugins/com.st.stm32cube.ide.mcu.externaltools.gnu-tools-for-stm32.14.3.rel1.win32_1.0.100.202602081740/tools/bin/../lib/gcc/arm-none-eabi/14.3.1/../../../../arm-none-eabi/lib/thumb/v7e-m+fp/hard\libc.a
LOAD C:/ST/STM32CubeIDE_2.1.1/STM32CubeIDE/plugins/com.st.stm32cube.ide.mcu.externaltools.gnu-tools-for-stm32.14.3.rel1.win32_1.0.100.202602081740/tools/bin/../lib/gcc/arm-none-eabi/14.3.1/../../../../arm-none-eabi/lib/thumb/v7e-m+fp/hard\libm.a
LOAD C:/ST/STM32CubeIDE_2.1.1/STM32CubeIDE/plugins/com.st.stm32cube.ide.mcu.externaltools.gnu-tools-for-stm32.14.3.rel1.win32_1.0.100.202602081740/tools/bin/../lib/gcc/arm-none-eabi/14.3.1/thumb/v7e-m+fp/hard\libgcc.a

.debug_info     0x00000000     0x1c22
 .debug_info    0x00000000      0x5d3 ./SDK_1.0.3_NUCLEO-F401RE-20260413T020300Z-3-001/SDK_1.0.3_NUCLEO-F401RE/shared/Drivers/CMSIS/Source/system_stm32f4xx.o
 .debug_info    0x000005d3      0x590 ./SDK_1.0.3_NUCLEO-F401RE-20260413T020300Z-3-001/SDK_1.0.3_NUCLEO-F401RE/shared/Drivers/STM32F401RE_StdPeriph_Driver/src/stm32f401re_gpio.o
 .debug_info    0x00000b63      0xcde ./SDK_1.0.3_NUCLEO-F401RE-20260413T020300Z-3-001/SDK_1.0.3_NUCLEO-F401RE/shared/Drivers/STM32F401RE_StdPeriph_Driver/src/stm32f401re_rcc.o
 .debug_info    0x00001841      0x3b1 ./Src/main.o
 .debug_info    0x00001bf2       0x30 ./Startup/startup_stm32f401retx.o

.debug_abbrev   0x00000000      0x6ac
 .debug_abbrev  0x00000000      0x142 ./SDK_1.0.3_NUCLEO-F401RE-20260413T020300Z-3-001/SDK_1.0.3_NUCLEO-F401RE/shared/Drivers/CMSIS/Source/system_stm32f4xx.o
 .debug_abbrev  0x00000142      0x1af ./SDK_1.0.3_NUCLEO-F401RE-20260413T020300Z-3-001/SDK_1.0.3_NUCLEO-F401RE/shared/Drivers/STM32F401RE_StdPeriph_Driver/src/stm32f401re_gpio.o
 .debug_abbrev  0x000002f1      0x20c ./SDK_1.0.3_NUCLEO-F401RE-20260413T020300Z-3-001/SDK_1.0.3_NUCLEO-F401RE/shared/Drivers/STM32F401RE_StdPeriph_Driver/src/stm32f401re_rcc.o
 .debug_abbrev  0x000004fd      0x18b ./Src/main.o
 .debug_abbrev  0x00000688       0x24 ./Startup/startup_stm32f401retx.o

.debug_aranges  0x00000000      0x2b0
 .debug_aranges
                0x00000000       0x30 ./SDK_1.0.3_NUCLEO-F401RE-20260413T020300Z-3-001/SDK_1.0.3_NUCLEO-F401RE/shared/Drivers/CMSIS/Source/system_stm32f4xx.o
 .debug_aranges
                0x00000030       0x80 ./SDK_1.0.3_NUCLEO-F401RE-20260413T020300Z-3-001/SDK_1.0.3_NUCLEO-F401RE/shared/Drivers/STM32F401RE_StdPeriph_Driver/src/stm32f401re_gpio.o
 .debug_aranges
                0x000000b0      0x198 ./SDK_1.0.3_NUCLEO-F401RE-20260413T020300Z-3-001/SDK_1.0.3_NUCLEO-F401RE/shared/Drivers/STM32F401RE_StdPeriph_Driver/src/stm32f401re_rcc.o
 .debug_aranges
                0x00000248       0x40 ./Src/main.o
 .debug_aranges
                0x00000288       0x28 ./Startup/startup_stm32f401retx.o

.debug_rnglists
                0x00000000      0x1f0
 .debug_rnglists
                0x00000000       0x21 ./SDK_1.0.3_NUCLEO-F401RE-20260413T020300Z-3-001/SDK_1.0.3_NUCLEO-F401RE/shared/Drivers/CMSIS/Source/system_stm32f4xx.o
 .debug_rnglists
                0x00000021       0x5d ./SDK_1.0.3_NUCLEO-F401RE-20260413T020300Z-3-001/SDK_1.0.3_NUCLEO-F401RE/shared/Drivers/STM32F401RE_StdPeriph_Driver/src/stm32f401re_gpio.o
 .debug_rnglists
                0x0000007e      0x12e ./SDK_1.0.3_NUCLEO-F401RE-20260413T020300Z-3-001/SDK_1.0.3_NUCLEO-F401RE/shared/Drivers/STM32F401RE_StdPeriph_Driver/src/stm32f401re_rcc.o
 .debug_rnglists
                0x000001ac       0x2b ./Src/main.o
 .debug_rnglists
                0x000001d7       0x19 ./Startup/startup_stm32f401retx.o

.debug_macro    0x00000000     0x8523
 .debug_macro   0x00000000       0xce ./SDK_1.0.3_NUCLEO-F401RE-20260413T020300Z-3-001/SDK_1.0.3_NUCLEO-F401RE/shared/Drivers/CMSIS/Source/system_stm32f4xx.o
 .debug_macro   0x000000ce      0xae4 ./SDK_1.0.3_NUCLEO-F401RE-20260413T020300Z-3-001/SDK_1.0.3_NUCLEO-F401RE/shared/Drivers/CMSIS/Source/system_stm32f4xx.o
 .debug_macro   0x00000bb2       0x40 ./SDK_1.0.3_NUCLEO-F401RE-20260413T020300Z-3-001/SDK_1.0.3_NUCLEO-F401RE/shared/Drivers/CMSIS/Source/system_stm32f4xx.o
 .debug_macro   0x00000bf2       0x3b ./SDK_1.0.3_NUCLEO-F401RE-20260413T020300Z-3-001/SDK_1.0.3_NUCLEO-F401RE/shared/Drivers/CMSIS/Source/system_stm32f4xx.o
 .debug_macro   0x00000c2d       0x22 ./SDK_1.0.3_NUCLEO-F401RE-20260413T020300Z-3-001/SDK_1.0.3_NUCLEO-F401RE/shared/Drivers/CMSIS/Source/system_stm32f4xx.o
 .debug_macro   0x00000c4f       0x8e ./SDK_1.0.3_NUCLEO-F401RE-20260413T020300Z-3-001/SDK_1.0.3_NUCLEO-F401RE/shared/Drivers/CMSIS/Source/system_stm32f4xx.o
 .debug_macro   0x00000cdd       0x51 ./SDK_1.0.3_NUCLEO-F401RE-20260413T020300Z-3-001/SDK_1.0.3_NUCLEO-F401RE/shared/Drivers/CMSIS/Source/system_stm32f4xx.o
 .debug_macro   0x00000d2e      0x103 ./SDK_1.0.3_NUCLEO-F401RE-20260413T020300Z-3-001/SDK_1.0.3_NUCLEO-F401RE/shared/Drivers/CMSIS/Source/system_stm32f4xx.o
 .debug_macro   0x00000e31       0x6a ./SDK_1.0.3_NUCLEO-F401RE-20260413T020300Z-3-001/SDK_1.0.3_NUCLEO-F401RE/shared/Drivers/CMSIS/Source/system_stm32f4xx.o
 .debug_macro   0x00000e9b      0x1df ./SDK_1.0.3_NUCLEO-F401RE-20260413T020300Z-3-001/SDK_1.0.3_NUCLEO-F401RE/shared/Drivers/CMSIS/Source/system_stm32f4xx.o
 .debug_macro   0x0000107a       0x34 ./SDK_1.0.3_NUCLEO-F401RE-20260413T020300Z-3-001/SDK_1.0.3_NUCLEO-F401RE/shared/Drivers/CMSIS/Source/system_stm32f4xx.o
 .debug_macro   0x000010ae       0x26 ./SDK_1.0.3_NUCLEO-F401RE-20260413T020300Z-3-001/SDK_1.0.3_NUCLEO-F401RE/shared/Drivers/CMSIS/Source/system_stm32f4xx.o
 .debug_macro   0x000010d4      0xe43 ./SDK_1.0.3_NUCLEO-F401RE-20260413T020300Z-3-001/SDK_1.0.3_NUCLEO-F401RE/shared/Drivers/CMSIS/Source/system_stm32f4xx.o
 .debug_macro   0x00001f17     0x466d ./SDK_1.0.3_NUCLEO-F401RE-20260413T020300Z-3-001/SDK_1.0.3_NUCLEO-F401RE/shared/Drivers/CMSIS/Source/system_stm32f4xx.o
 .debug_macro   0x00006584       0xb9 ./SDK_1.0.3_NUCLEO-F401RE-20260413T020300Z-3-001/SDK_1.0.3_NUCLEO-F401RE/shared/Drivers/STM32F401RE_StdPeriph_Driver/src/stm32f401re_gpio.o
 .debug_macro   0x0000663d      0x2f1 ./SDK_1.0.3_NUCLEO-F401RE-20260413T020300Z-3-001/SDK_1.0.3_NUCLEO-F401RE/shared/Drivers/STM32F401RE_StdPeriph_Driver/src/stm32f401re_gpio.o
 .debug_macro   0x0000692e      0x186 ./SDK_1.0.3_NUCLEO-F401RE-20260413T020300Z-3-001/SDK_1.0.3_NUCLEO-F401RE/shared/Drivers/STM32F401RE_StdPeriph_Driver/src/stm32f401re_rcc.o
 .debug_macro   0x00006ab4      0x4f3 ./SDK_1.0.3_NUCLEO-F401RE-20260413T020300Z-3-001/SDK_1.0.3_NUCLEO-F401RE/shared/Drivers/STM32F401RE_StdPeriph_Driver/src/stm32f401re_rcc.o
 .debug_macro   0x00006fa7      0x1d5 ./Src/main.o
 .debug_macro   0x0000717c       0x5b ./Src/main.o
 .debug_macro   0x000071d7       0x2a ./Src/main.o
 .debug_macro   0x00007201       0x94 ./Src/main.o
 .debug_macro   0x00007295       0x43 ./Src/main.o
 .debug_macro   0x000072d8       0x34 ./Src/main.o
 .debug_macro   0x0000730c       0x16 ./Src/main.o
 .debug_macro   0x00007322       0x57 ./Src/main.o
 .debug_macro   0x00007379       0x9e ./Src/main.o
 .debug_macro   0x00007417      0x364 ./Src/main.o
 .debug_macro   0x0000777b      0x112 ./Src/main.o
 .debug_macro   0x0000788d       0x10 ./Src/main.o
 .debug_macro   0x0000789d       0x16 ./Src/main.o
 .debug_macro   0x000078b3       0x4a ./Src/main.o
 .debug_macro   0x000078fd       0x34 ./Src/main.o
 .debug_macro   0x00007931       0x10 ./Src/main.o
 .debug_macro   0x00007941       0x58 ./Src/main.o
 .debug_macro   0x00007999       0x8e ./Src/main.o
 .debug_macro   0x00007a27       0x1c ./Src/main.o
 .debug_macro   0x00007a43      0x17e ./Src/main.o
 .debug_macro   0x00007bc1       0x16 ./Src/main.o
 .debug_macro   0x00007bd7       0x16 ./Src/main.o
 .debug_macro   0x00007bed      0x146 ./Src/main.o
 .debug_macro   0x00007d33      0x4f9 ./Src/main.o
 .debug_macro   0x0000822c      0x2f7 ./Src/main.o

.debug_line     0x00000000     0x25b4
 .debug_line    0x00000000      0x6a7 ./SDK_1.0.3_NUCLEO-F401RE-20260413T020300Z-3-001/SDK_1.0.3_NUCLEO-F401RE/shared/Drivers/CMSIS/Source/system_stm32f4xx.o
 .debug_line    0x000006a7      0x888 ./SDK_1.0.3_NUCLEO-F401RE-20260413T020300Z-3-001/SDK_1.0.3_NUCLEO-F401RE/shared/Drivers/STM32F401RE_StdPeriph_Driver/src/stm32f401re_gpio.o
 .debug_line    0x00000f2f      0xe69 ./SDK_1.0.3_NUCLEO-F401RE-20260413T020300Z-3-001/SDK_1.0.3_NUCLEO-F401RE/shared/Drivers/STM32F401RE_StdPeriph_Driver/src/stm32f401re_rcc.o
 .debug_line    0x00001d98      0x7a1 ./Src/main.o
 .debug_line    0x00002539       0x7b ./Startup/startup_stm32f401retx.o

.debug_str      0x00000000    0x299af
 .debug_str     0x00000000    0x299af ./SDK_1.0.3_NUCLEO-F401RE-20260413T020300Z-3-001/SDK_1.0.3_NUCLEO-F401RE/shared/Drivers/CMSIS/Source/system_stm32f4xx.o
                              0x218c5 (size before relaxing)
 .debug_str     0x000299af    0x22fc5 ./SDK_1.0.3_NUCLEO-F401RE-20260413T020300Z-3-001/SDK_1.0.3_NUCLEO-F401RE/shared/Drivers/STM32F401RE_StdPeriph_Driver/src/stm32f401re_gpio.o
 .debug_str     0x000299af    0x244b3 ./SDK_1.0.3_NUCLEO-F401RE-20260413T020300Z-3-001/SDK_1.0.3_NUCLEO-F401RE/shared/Drivers/STM32F401RE_StdPeriph_Driver/src/stm32f401re_rcc.o
 .debug_str     0x000299af    0x28b27 ./Src/main.o
 .debug_str     0x000299af       0x6d ./Startup/startup_stm32f401retx.o

.comment        0x00000000       0x43
 .comment       0x00000000       0x43 ./SDK_1.0.3_NUCLEO-F401RE-20260413T020300Z-3-001/SDK_1.0.3_NUCLEO-F401RE/shared/Drivers/CMSIS/Source/system_stm32f4xx.o
                                 0x44 (size before relaxing)
 .comment       0x00000043       0x44 ./SDK_1.0.3_NUCLEO-F401RE-20260413T020300Z-3-001/SDK_1.0.3_NUCLEO-F401RE/shared/Drivers/STM32F401RE_StdPeriph_Driver/src/stm32f401re_gpio.o
 .comment       0x00000043       0x44 ./SDK_1.0.3_NUCLEO-F401RE-20260413T020300Z-3-001/SDK_1.0.3_NUCLEO-F401RE/shared/Drivers/STM32F401RE_StdPeriph_Driver/src/stm32f401re_rcc.o
 .comment       0x00000043       0x44 ./Src/main.o

.debug_frame    0x00000000      0x9e8
 .debug_frame   0x00000000       0x6c ./SDK_1.0.3_NUCLEO-F401RE-20260413T020300Z-3-001/SDK_1.0.3_NUCLEO-F401RE/shared/Drivers/CMSIS/Source/system_stm32f4xx.o
 .debug_frame   0x0000006c      0x1e4 ./SDK_1.0.3_NUCLEO-F401RE-20260413T020300Z-3-001/SDK_1.0.3_NUCLEO-F401RE/shared/Drivers/STM32F401RE_StdPeriph_Driver/src/stm32f401re_gpio.o
 .debug_frame   0x00000250      0x6b8 ./SDK_1.0.3_NUCLEO-F401RE-20260413T020300Z-3-001/SDK_1.0.3_NUCLEO-F401RE/shared/Drivers/STM32F401RE_StdPeriph_Driver/src/stm32f401re_rcc.o
 .debug_frame   0x00000908       0xb4 ./Src/main.o
 .debug_frame   0x000009bc       0x2c C:/ST/STM32CubeIDE_2.1.1/STM32CubeIDE/plugins/com.st.stm32cube.ide.mcu.externaltools.gnu-tools-for-stm32.14.3.rel1.win32_1.0.100.202602081740/tools/bin/../lib/gcc/arm-none-eabi/14.3.1/../../../../arm-none-eabi/lib/thumb/v7e-m+fp/hard\libc_nano.a(libc_a-init.o)

.debug_line_str
                0x00000000       0x51
 .debug_line_str
                0x00000000       0x51 ./Startup/startup_stm32f401retx.o
